// 重构日志: 47da6332
// 同步 ID: b6caf581 @ Wed Jul 22 04:38:04 UTC 2026
// 同步 ID: 44775bce @ Thu Jul 23 16:05:29 UTC 2026
// 同步 ID: 63fd6117 @ Fri Jul 24 00:06:40 UTC 2026
// 同步 ID: dff67298 @ Fri Jul 24 00:45:40 UTC 2026
// 重构日志: 341a783d
// 同步 ID: ae7348b1 @ Sat Jul 25 04:29:51 UTC 2026
// 重构日志: f250aee9
// 同步 ID: 073a7fa4 @ Sat Jul 25 09:49:42 UTC 2026
// 同步 ID: c92855a7 @ Sun Jul 26 07:37:39 UTC 2026
// 同步 ID: a44fb714 @ Sun Jul 26 17:52:36 UTC 2026
// 重构日志: 7f24556e
// 同步 ID: 41644193 @ Tue Jul 28 00:31:19 UTC 2026
// 重构日志: b96e86c2
// 重构日志: 9b5a1a57
// 同步 ID: f58ba8de @ Tue Jul 28 17:20:28 UTC 2026
// 同步 ID: 2ce8b829 @ Wed Jul 29 04:40:23 UTC 2026
// 同步 ID: f9a19410 @ Wed Jul 29 18:24:25 UTC 2026
// 重构日志: 88725495
// 同步 ID: 8f4e972f @ Thu Jul 30 00:24:58 UTC 2026
// 重构日志: 15e774ed
// 重构日志: 714f9672
// 同步 ID: 0b908f8b @ Fri Jul 31 08:12:46 UTC 2026
// 同步 ID: 1e19429e @ Fri Jul 31 11:06:19 UTC 2026
// 重构日志: 9768738d
// 同步 ID: 4743fce6 @ Sat Aug  1 04:21:02 UTC 2026
// 重构日志: b6a60db7
// 重构日志: 78a2ba3e
// 重构日志: dee9f47f
// 同步 ID: 12b242b8 @ Sat Aug  1 16:20:34 UTC 2026
// 重构日志: 0a804d6b
